[{"ID":"step0","Cmd":["echo","-n","-e","Hello, CWL !\nHello World !\n"],"Cwd":".","TmpPrefix":"/tmp","Env":null,"StdInPath":"","StdOutPath":"response.txt","StdErrPath":"","OutputBinding":[{"id":"response","label":"","doc":null,"format":"","outputBinding":null,"outputSource":null,"type":[{"Type":"stdout","Label":"","Binding":null,"Fields":null,"Symbols":null,"Items":null,"Name":""}],"SecondaryFiles":null}]}]